{
  "_comment": "-------End of GA4GH requirements----- (ignore this line)",
  "contactUrl": "mailto:krobasky@gmail.com",
  "createdAt": "xxx",
  "description": "Serves data according to DRS specification; includes submit and search endpoints",
  "documentationUrl": "https://github.com/RENCI/fuse-tool-pca",
  "environment": "test",
  "id": "fuse-tool-pca",
  "inputDatasetType": {
    "data_type": "class_dataset_expression",
    "file_types": [
      "filetype_dataset_expression"
    ]
  },
  "name": "FUSE principal components tool",
  "organization": {
    "name": "RENCI",
    "url": "https://renci.org"
  },
  "outputResultsType": {
    "data_type": "class_results_PCATable",
    "file_extension": "json",
    "file_type": "filetype_results_PCATable",
    "mime_type": "application/json"
  },
  "title": "fuse-tool-pca",
  "updatedAt": "xxx",
  "version": "1.0.0"
}
